<<<<<<< HEAD
   4     
  / \    
 1   5   
=======
   4     
  / \    
 1   5   
>>>>>>> e73ee3ea7fbda9b3ac609f670b78729a8adece6d
