<<<<<<< HEAD
   5     
    \    
     8   
=======
   5     
    \    
     8   
>>>>>>> e73ee3ea7fbda9b3ac609f670b78729a8adece6d
